INFO:root:This is a placement assignment
INFO:root:Placement should be replaced by screening.
INFO:root:Creating file instance variable
INFO:root:executing write method
INFO:root:executing read method
